---
source: tests/loader_tests.rs
expression: "tokens.collect::<Vec<_>>()"
snapshot_kind: text
---
- start: 0
  end: 12
  inner:
    Heading:
      level: 1
      text: Heading 1
- start: 12
  end: 15
  inner:
    Keyword: To
- start: 16
  end: 21
  inner:
    Inline: bake
- start: 25
  end: 30
  inner:
    Inline: cake
- start: 30
  end: 31
  inner: Newline
- start: 31
  end: 35
  inner:
    Keyword: Set
- start: 36
  end: 40
  inner:
    Inline: foo
- start: 45
  end: 51
  inner:
    Inline: "\"bar\""
- start: 51
  end: 52
  inner: Newline
- start: 55
  end: 80
  inner:
    Block: "sh\necho {{ topping }}\n"
- start: 80
  end: 81
  inner: Newline
